
*** Yes

*** Yes
Mon 09 May 2022 01:11:55 AM CDT

*** Yes
> 
*** Yes
> 
> %% I figured TRUE and FALSE by starting simple & copying expressions into
> %% other expressions.
> 
> write_time(Ignore)?
0
*** Yes
Ignore = @.
--1> 

*** No
> % TRUE
> satisfiable(P)?
Rules 63 Succeeded visits = 1 max_depth = 1

*** Yes
P = [top,1].
--1> ;

*** No
> ;
> 
> % FALSE
> satisfiable([nand, P,P])?
Rules 63 Succeeded visits = 1 max_depth = 1

*** Yes
P = [top,0].
--1> ;

*** No
> ;
> 
> % TRUE	
> satisfiable([nand, P,Q])?
Rules 63 Succeeded visits = 1 max_depth = 1

*** Yes
P = [top,0], Q = @.
--1> ;

*** No
> ;
> 
> % TRUE	
> satisfiable([nand, P, [nand, P, P]])?
Rules 63 Succeeded visits = 1 max_depth = 1

*** Yes
P = [top,0].
--1> ;

*** No
> ;
> ;
> 
> % TRUE
> satisfiable([nand, P, [nand, Q, P]])?
Rules 63 Succeeded visits = 1 max_depth = 1

*** Yes
P = [top,0], Q = @.
--1> ;

*** No
> ;
> ;
> ;
> ;
> ;
> 
> % TRUE
> satisfiable([nand, P, [nand, Q, R]])?
Rules 63 Succeeded visits = 1 max_depth = 1

*** Yes
P = [top,0], Q = @, R = @.
--1> ;

*** No
> ;
> ;
> ;
> ;
> ;
> 
> % FALSE
> satisfiable([nand, [nand, P, P], [nand, P, P]])?
Branch Left = 1 Right = 0
Branch Left = 0 Right = 1
Branch Left = 1 Right = 0
Branch Left = 0 Right = 1
Rules 63 Failed visits = 8 max_depth = 2

*** No
> ;
> ;
> ;
> 
> % TRUE
> satisfiable([nand, [nand, [nand, P, P], [nand, P, P]], [nand, [nand, P, P], [nand, P, P]]])?
Branch Left = 1 Right = 0
Branch Left = 2 Right = 0
Branch Left = 1 Right = 1
Branch Left = 2 Right = 0
Branch Left = 1 Right = 1
Rules 63 Succeeded visits = 9 max_depth = 3

*** Yes
P = @.
--1> ;

*** No
> ;
> ;
> ;
> ;
> ;
> ;
> 
> %% FALSE
> satisfiable([nand, [nand, [nand, [nand, P, P], [nand, P, P]], [nand, [nand, P, P], [nand, P, P]]], [nand, [nand, [nand, P, P], [nand, P, P]], [nand, [nand, P, P], [nand, P, P]]]])?
Branch Left = 1 Right = 0
Branch Left = 2 Right = 0
Branch Left = 3 Right = 0
Branch Left = 2 Right = 1
Branch Left = 3 Right = 0
Branch Left = 2 Right = 1
Branch Left = 0 Right = 1
Branch Left = 1 Right = 1
Branch Left = 2 Right = 1
Branch Left = 1 Right = 2
Branch Left = 2 Right = 1
Branch Left = 1 Right = 2
Branch Left = 1 Right = 0
Branch Left = 2 Right = 0
Branch Left = 3 Right = 0
Branch Left = 2 Right = 1
Branch Left = 3 Right = 0
Branch Left = 2 Right = 1
Branch Left = 0 Right = 1
Rules 63 Failed visits = 32 max_depth = 4

*** No
> 
> 
> write_stats(Ignore)?
CPU Time 0 Seconds
Clock Time 0.000605106 Seconds

Stack size  :     3952 bytes (    3K) (0%)
Heap size   :   533248 bytes (  520K) (0%)
Total memory: 1677721584 bytes (1638399K)
X predicates are not installed.

*** Yes
Ignore = @.
--1> 

*** No
> halt?

